

====================================================================================================

  (Run Starting)

  ΓöîΓöÇΓöÇΓöÇΓöÇΓöÇΓöÇΓöÇΓöÇΓöÇΓöÇΓöÇΓöÇΓöÇΓöÇΓöÇΓöÇΓöÇΓöÇΓöÇΓöÇΓöÇΓöÇΓöÇΓöÇΓöÇΓöÇΓöÇΓöÇΓöÇΓöÇΓöÇΓöÇΓöÇΓöÇΓöÇΓöÇΓöÇΓöÇΓöÇΓöÇΓöÇΓöÇΓöÇΓöÇΓöÇΓöÇΓöÇΓöÇΓöÇΓöÇΓöÇΓöÇΓöÇΓöÇΓöÇΓöÇΓöÇΓöÇΓöÇΓöÇΓöÇΓöÇΓöÇΓöÇΓöÇΓöÇΓöÇΓöÇΓöÇΓöÇΓöÇΓöÇΓöÇΓöÇΓöÇΓöÇΓöÇΓöÇΓöÇΓöÇΓöÇΓöÇΓöÇΓöÇΓöÇΓöÇΓöÇΓöÇΓöÇΓöÇΓöÇΓöÇΓöÇΓöÇΓöÇΓöÇΓöÉ
  Γöé Cypress:        14.5.1                                                                         Γöé
  Γöé Browser:        Electron 130 (headless)                                                        Γöé
  Γöé Node Version:   v22.15.0 (C:\Program Files\nodejs\node.exe)                                    Γöé
  Γöé Specs:          1 found (waste-management.cy.js)                                               Γöé
  Γöé Searched:       C:\Users\CynthiaNadongo\Documents\Software_Testing\WEEK-6\Group_Project\CleanC Γöé
  Γöé                 ity\cypress\e2e\waste-management.cy.js                                         Γöé
  ΓööΓöÇΓöÇΓöÇΓöÇΓöÇΓöÇΓöÇΓöÇΓöÇΓöÇΓöÇΓöÇΓöÇΓöÇΓöÇΓöÇΓöÇΓöÇΓöÇΓöÇΓöÇΓöÇΓöÇΓöÇΓöÇΓöÇΓöÇΓöÇΓöÇΓöÇΓöÇΓöÇΓöÇΓöÇΓöÇΓöÇΓöÇΓöÇΓöÇΓöÇΓöÇΓöÇΓöÇΓöÇΓöÇΓöÇΓöÇΓöÇΓöÇΓöÇΓöÇΓöÇΓöÇΓöÇΓöÇΓöÇΓöÇΓöÇΓöÇΓöÇΓöÇΓöÇΓöÇΓöÇΓöÇΓöÇΓöÇΓöÇΓöÇΓöÇΓöÇΓöÇΓöÇΓöÇΓöÇΓöÇΓöÇΓöÇΓöÇΓöÇΓöÇΓöÇΓöÇΓöÇΓöÇΓöÇΓöÇΓöÇΓöÇΓöÇΓöÇΓöÇΓöÇΓöÇΓöÇΓöÇΓöÿ


ΓöÇΓöÇΓöÇΓöÇΓöÇΓöÇΓöÇΓöÇΓöÇΓöÇΓöÇΓöÇΓöÇΓöÇΓöÇΓöÇΓöÇΓöÇΓöÇΓöÇΓöÇΓöÇΓöÇΓöÇΓöÇΓöÇΓöÇΓöÇΓöÇΓöÇΓöÇΓöÇΓöÇΓöÇΓöÇΓöÇΓöÇΓöÇΓöÇΓöÇΓöÇΓöÇΓöÇΓöÇΓöÇΓöÇΓöÇΓöÇΓöÇΓöÇΓöÇΓöÇΓöÇΓöÇΓöÇΓöÇΓöÇΓöÇΓöÇΓöÇΓöÇΓöÇΓöÇΓöÇΓöÇΓöÇΓöÇΓöÇΓöÇΓöÇΓöÇΓöÇΓöÇΓöÇΓöÇΓöÇΓöÇΓöÇΓöÇΓöÇΓöÇΓöÇΓöÇΓöÇΓöÇΓöÇΓöÇΓöÇΓöÇΓöÇΓöÇΓöÇΓöÇΓöÇΓöÇΓöÇΓöÇΓöÇΓöÇΓöÇ
                                                                                                    
  Running:  waste-management.cy.js                                                          (1 of 1)


  Waste Pickup Scheduling - CleanCity (FR-012 to FR-015)
    FR-012: Schedule a valid pickup request
      1) "before each" hook for "Allows scheduling with valid inputs"


  0 passing (1s)
  1 failing

  1) Waste Pickup Scheduling - CleanCity (FR-012 to FR-015)
       FR-012: Schedule a valid pickup request
         "before each" hook for "Allows scheduling with valid inputs":
     CypressError: `cy.visit()` failed trying to load:

http://localhost:3000/login

We attempted to make an http request to this URL but the request failed without a response.

We received this error at the network level:

  > AggregateError

Common situations why this would fail:
  - you don't have internet access
  - you forgot to run / boot your web server
  - your web server isn't accessible
  - you have weird network configuration settings on your computer

Because this error occurred during a `before each` hook we are skipping the remaining tests in the current suite: `Waste Pickup Scheduling - C...`
      at <unknown> (http://localhost:22051/__cypress/runner/cypress_runner.js:135059:74)
      at visitFailedByErr (http://localhost:22051/__cypress/runner/cypress_runner.js:134449:12)
      at <unknown> (http://localhost:22051/__cypress/runner/cypress_runner.js:135058:11)
      at tryCatcher (http://localhost:22051/__cypress/runner/cypress_runner.js:1777:23)
      at Promise._settlePromiseFromHandler (http://localhost:22051/__cypress/runner/cypress_runner.js:1489:31)
      at Promise._settlePromise (http://localhost:22051/__cypress/runner/cypress_runner.js:1546:18)
      at Promise._settlePromise0 (http://localhost:22051/__cypress/runner/cypress_runner.js:1591:10)
      at Promise._settlePromises (http://localhost:22051/__cypress/runner/cypress_runner.js:1667:18)
      at _drainQueueStep (http://localhost:22051/__cypress/runner/cypress_runner.js:2377:12)
      at _drainQueue (http://localhost:22051/__cypress/runner/cypress_runner.js:2370:9)
      at Async._drainQueues (http://localhost:22051/__cypress/runner/cypress_runner.js:2386:5)
      at Async.drainQueues (http://localhost:22051/__cypress/runner/cypress_runner.js:2256:14)
  From Your Spec Code:
      at Context.eval (webpack://cleancity-waste-scheduler/./cypress/e2e/waste-management.cy.js:11:7)
  
  From Node.js Internals:
    AggregateError [ECONNREFUSED]: 
        at internalConnectMultiple (node:net:1122:18)
        at afterConnectMultiple (node:net:1689:7)




  (Results)

  ΓöîΓöÇΓöÇΓöÇΓöÇΓöÇΓöÇΓöÇΓöÇΓöÇΓöÇΓöÇΓöÇΓöÇΓöÇΓöÇΓöÇΓöÇΓöÇΓöÇΓöÇΓöÇΓöÇΓöÇΓöÇΓöÇΓöÇΓöÇΓöÇΓöÇΓöÇΓöÇΓöÇΓöÇΓöÇΓöÇΓöÇΓöÇΓöÇΓöÇΓöÇΓöÇΓöÇΓöÇΓöÇΓöÇΓöÇΓöÇΓöÇΓöÇΓöÇΓöÇΓöÇΓöÇΓöÇΓöÇΓöÇΓöÇΓöÇΓöÇΓöÇΓöÇΓöÇΓöÇΓöÇΓöÇΓöÇΓöÇΓöÇΓöÇΓöÇΓöÇΓöÇΓöÇΓöÇΓöÇΓöÇΓöÇΓöÇΓöÇΓöÇΓöÇΓöÇΓöÇΓöÇΓöÇΓöÇΓöÇΓöÇΓöÇΓöÇΓöÇΓöÇΓöÇΓöÇΓöÇΓöÇΓöÉ
  Γöé Tests:        4                                                                                Γöé
  Γöé Passing:      0                                                                                Γöé
  Γöé Failing:      1                                                                                Γöé
  Γöé Pending:      0                                                                                Γöé
  Γöé Skipped:      3                                                                                Γöé
  Γöé Screenshots:  1                                                                                Γöé
  Γöé Video:        false                                                                            Γöé
  Γöé Duration:     1 second                                                                         Γöé
  Γöé Spec Ran:     waste-management.cy.js                                                           Γöé
  ΓööΓöÇΓöÇΓöÇΓöÇΓöÇΓöÇΓöÇΓöÇΓöÇΓöÇΓöÇΓöÇΓöÇΓöÇΓöÇΓöÇΓöÇΓöÇΓöÇΓöÇΓöÇΓöÇΓöÇΓöÇΓöÇΓöÇΓöÇΓöÇΓöÇΓöÇΓöÇΓöÇΓöÇΓöÇΓöÇΓöÇΓöÇΓöÇΓöÇΓöÇΓöÇΓöÇΓöÇΓöÇΓöÇΓöÇΓöÇΓöÇΓöÇΓöÇΓöÇΓöÇΓöÇΓöÇΓöÇΓöÇΓöÇΓöÇΓöÇΓöÇΓöÇΓöÇΓöÇΓöÇΓöÇΓöÇΓöÇΓöÇΓöÇΓöÇΓöÇΓöÇΓöÇΓöÇΓöÇΓöÇΓöÇΓöÇΓöÇΓöÇΓöÇΓöÇΓöÇΓöÇΓöÇΓöÇΓöÇΓöÇΓöÇΓöÇΓöÇΓöÇΓöÇΓöÇΓöÇΓöÇΓöÿ


  (Screenshots)

  -  C:\Users\CynthiaNadongo\Documents\Software_Testing\WEEK-6\Group_Project\CleanCit     (1280x720)
     y\cypress\screenshots\waste-management.cy.js\Waste Pickup Scheduling - CleanCity               
      (FR-012 to FR-015) -- Allows scheduling with valid inputs -- before each hook (               
     failed).png                                                                                    


====================================================================================================

  (Run Finished)


       Spec                                              Tests  Passing  Failing  Pending  Skipped  
  ΓöîΓöÇΓöÇΓöÇΓöÇΓöÇΓöÇΓöÇΓöÇΓöÇΓöÇΓöÇΓöÇΓöÇΓöÇΓöÇΓöÇΓöÇΓöÇΓöÇΓöÇΓöÇΓöÇΓöÇΓöÇΓöÇΓöÇΓöÇΓöÇΓöÇΓöÇΓöÇΓöÇΓöÇΓöÇΓöÇΓöÇΓöÇΓöÇΓöÇΓöÇΓöÇΓöÇΓöÇΓöÇΓöÇΓöÇΓöÇΓöÇΓöÇΓöÇΓöÇΓöÇΓöÇΓöÇΓöÇΓöÇΓöÇΓöÇΓöÇΓöÇΓöÇΓöÇΓöÇΓöÇΓöÇΓöÇΓöÇΓöÇΓöÇΓöÇΓöÇΓöÇΓöÇΓöÇΓöÇΓöÇΓöÇΓöÇΓöÇΓöÇΓöÇΓöÇΓöÇΓöÇΓöÇΓöÇΓöÇΓöÇΓöÇΓöÇΓöÇΓöÇΓöÇΓöÇΓöÇΓöÇΓöÉ
  Γöé ├ù  waste-management.cy.js                   00:01        4        -        1        -        3 Γöé
  ΓööΓöÇΓöÇΓöÇΓöÇΓöÇΓöÇΓöÇΓöÇΓöÇΓöÇΓöÇΓöÇΓöÇΓöÇΓöÇΓöÇΓöÇΓöÇΓöÇΓöÇΓöÇΓöÇΓöÇΓöÇΓöÇΓöÇΓöÇΓöÇΓöÇΓöÇΓöÇΓöÇΓöÇΓöÇΓöÇΓöÇΓöÇΓöÇΓöÇΓöÇΓöÇΓöÇΓöÇΓöÇΓöÇΓöÇΓöÇΓöÇΓöÇΓöÇΓöÇΓöÇΓöÇΓöÇΓöÇΓöÇΓöÇΓöÇΓöÇΓöÇΓöÇΓöÇΓöÇΓöÇΓöÇΓöÇΓöÇΓöÇΓöÇΓöÇΓöÇΓöÇΓöÇΓöÇΓöÇΓöÇΓöÇΓöÇΓöÇΓöÇΓöÇΓöÇΓöÇΓöÇΓöÇΓöÇΓöÇΓöÇΓöÇΓöÇΓöÇΓöÇΓöÇΓöÇΓöÇΓöÇΓöÿ
    ├ù  1 of 1 failed (100%)                     00:01        4        -        1        -        3  

